// Jest Snapshot v1, https://goo.gl/fbAQLP

exports[`DeleteImage deletes an images 1`] = `
<button
  className="delete-button"
  onClick={[Function]}
>
  DELETE IMAGE
</button>
`;
