// Jest Snapshot v1, https://goo.gl/fbAQLP

exports[`renders a snapshot 1`] = `
<div
  className="header-container"
>
  <header
    className="header-title"
    onClick={[Function]}
  >
    <h1>
       The Zephr Originals. 
    </h1>
    <h2>
      Z-Girls & Z-Boys of the 70's
    </h2>
  </header>
  <span>
    <button
      className="view-buttons"
      onClick={[Function]}
    >
      CHECK OUT LIST VIEW
    </button>
  </span>
  <span>
    <button
      className="view-buttons"
      onClick={[Function]}
    >
      CHECK OUT THUMBNAIL VIEW
    </button>
  </span>
  <span>
    <button
      className="view-buttons"
      onClick={[Function]}
    >
      CHECK OUT GALLERY VIEW
    </button>
  </span>
  <div
    className="intro-image brighten"
  >
    <a
      className="video"
      href="https://www.youtube.com/watch?v=cKC-XBwQ_pA"
    >
      <img
        alt="standing on boards"
        src="introImage.jpg"
      />
    </a>
    <span
      className="play-video"
    >
      <h1>
        PLAY VIDEO
      </h1>
    </span>
  </div>
</div>
`;
