// Jest Snapshot v1, https://goo.gl/fbAQLP

exports[`App renders the app 1`] = `
<div
  className="App"
>
  <div
    className="app-header"
  >
    <h2>
      Welcome to the Cha'llery
    </h2>
    <h3>
      A photo gallery of 
      <strong>
        èŒ¶
      </strong>
       --&gt; 'Tea'
    </h3>
  </div>
  <div
    className="nav"
  >
    <a
      href="/albums"
      onClick={[Function]}
    >
      <button>
        <h3>
          Albums
        </h3>
      </button>
    </a>
    <a
      href="/"
      onClick={[Function]}
    >
      <button>
        <h3>
          Home
        </h3>
      </button>
    </a>
  </div>
</div>
`;
