// Jest Snapshot v1, https://goo.gl/fbAQLP

exports[`List renders a list 1`] = `
<div>
  <ul>
    <li
      className="list-title"
    >
      Black & Tan
    </li>
    <li>
      <a
        href=""
      >
        http://f.cl.ly/items/3g3J1G0w122M360w380O/3726490195_f7cc75d377_o.jpg
      </a>
    </li>
    <li>
      Seriously heart-melting black and tan bunny... OMG &lt;3
    </li>
    <li>
      <button
        className="delete-button"
        onClick={[Function]}
      >
        Delete ðŸ—‘
      </button>
    </li>
  </ul>
  <ul>
    <li
      className="list-title"
    >
      Falling Bunny
    </li>
    <li>
      <a
        href=""
      >
        http://static.boredpanda.com/blog/wp-content/uploads/2015/09/cute-bunnies-25__605.jpg
      </a>
    </li>
    <li>
      I don't know if this bunny fell and the picture was taken on impact, but I certainly prefer to think of it that way
    </li>
    <li>
      <button
        className="delete-button"
        onClick={[Function]}
      >
        Delete ðŸ—‘
      </button>
    </li>
  </ul>
  <ul>
    <li
      className="list-title"
    >
      Marshmellow Puff
    </li>
    <li>
      <a
        href=""
      >
        http://static.boredpanda.com/blog/wp-content/uploads/2015/09/cute-bunnies-110__605.jpg
      </a>
    </li>
    <li>
      Is it a rodent or a rabbit? I had to look it up to be sure. Then again, I'm still not sure
    </li>
    <li>
      <button
        className="delete-button"
        onClick={[Function]}
      >
        Delete ðŸ—‘
      </button>
    </li>
  </ul>
</div>
`;
